// Jest Snapshot v1, https://goo.gl/fbAQLP

exports[`renders correctly 1`] = `
<footer
  className="footer"
>
  <h4
    className="bars"
  >
     / / 
  </h4>
</footer>
`;
