// Jest Snapshot v1, https://goo.gl/fbAQLP

exports[`renders correctly 1`] = `
<section
  className="mian-txt-body"
>
  <h1>
    Quote
  </h1>
  <br />
  <article>
    Lorem ipsum dolor sit amet consectetur adipisicing elit. Blanditiis fuga consequuntur cum! Fugit quia cupiditate necessitatibus neque blanditiis placeat accusamus sed aspernatur facilis minima ullam incidunt. Hic molestias quae odio. Lorem ipsum dolor sit amet consectetur adipisicing elit. Blanditiis fuga consequuntur cum! Fugit quia cupiditate necessitatibus neque blanditiis placeat accusamus sed aspernatur facilis minima ullam incidunt. Hic molestias quae odio.
  </article>
</section>
`;
